------------------------------------------------------------
Timing Analyzer Summary
------------------------------------------------------------

Type  : Slow 1100mV 85C Model Setup 'FPGA_clk'
Slack : -1.409
TNS   : -15.179

Type  : Slow 1100mV 85C Model Hold 'FPGA_clk'
Slack : 0.216
TNS   : 0.000

Type  : Slow 1100mV 85C Model Minimum Pulse Width 'FPGA_clk'
Slack : -0.394
TNS   : -12.015

Type  : Slow 1100mV 0C Model Setup 'FPGA_clk'
Slack : -1.430
TNS   : -15.303

Type  : Slow 1100mV 0C Model Hold 'FPGA_clk'
Slack : 0.201
TNS   : 0.000

Type  : Slow 1100mV 0C Model Minimum Pulse Width 'FPGA_clk'
Slack : -0.394
TNS   : -11.444

Type  : Fast 1100mV 85C Model Setup 'FPGA_clk'
Slack : -0.355
TNS   : -2.016

Type  : Fast 1100mV 85C Model Hold 'FPGA_clk'
Slack : 0.130
TNS   : 0.000

Type  : Fast 1100mV 85C Model Minimum Pulse Width 'FPGA_clk'
Slack : -0.282
TNS   : -5.949

Type  : Fast 1100mV 0C Model Setup 'FPGA_clk'
Slack : -0.293
TNS   : -1.359

Type  : Fast 1100mV 0C Model Hold 'FPGA_clk'
Slack : 0.117
TNS   : 0.000

Type  : Fast 1100mV 0C Model Minimum Pulse Width 'FPGA_clk'
Slack : -0.278
TNS   : -5.896

------------------------------------------------------------
