------------------------------------------------------------
Timing Analyzer Summary
------------------------------------------------------------

Type  : Slow 1100mV 85C Model Setup 'FPGA_clk'
Slack : -0.794
TNS   : -6.677

Type  : Slow 1100mV 85C Model Hold 'FPGA_clk'
Slack : 0.213
TNS   : 0.000

Type  : Slow 1100mV 85C Model Minimum Pulse Width 'FPGA_clk'
Slack : -0.394
TNS   : -7.298

Type  : Slow 1100mV 0C Model Setup 'FPGA_clk'
Slack : -0.737
TNS   : -6.189

Type  : Slow 1100mV 0C Model Hold 'FPGA_clk'
Slack : 0.199
TNS   : 0.000

Type  : Slow 1100mV 0C Model Minimum Pulse Width 'FPGA_clk'
Slack : -0.394
TNS   : -6.881

Type  : Fast 1100mV 85C Model Setup 'FPGA_clk'
Slack : -0.017
TNS   : -0.017

Type  : Fast 1100mV 85C Model Hold 'FPGA_clk'
Slack : 0.128
TNS   : 0.000

Type  : Fast 1100mV 85C Model Minimum Pulse Width 'FPGA_clk'
Slack : -0.279
TNS   : -3.675

Type  : Fast 1100mV 0C Model Setup 'FPGA_clk'
Slack : 0.032
TNS   : 0.000

Type  : Fast 1100mV 0C Model Hold 'FPGA_clk'
Slack : 0.115
TNS   : 0.000

Type  : Fast 1100mV 0C Model Minimum Pulse Width 'FPGA_clk'
Slack : -0.274
TNS   : -3.626

------------------------------------------------------------
