------------------------------------------------------------
Timing Analyzer Summary
------------------------------------------------------------

Type  : Slow 1100mV 85C Model Setup 'clk'
Slack : -7.805
TNS   : -30.858

Type  : Slow 1100mV 85C Model Setup 'FPGA_clk'
Slack : -1.334
TNS   : -15.691

Type  : Slow 1100mV 85C Model Hold 'FPGA_clk'
Slack : 0.269
TNS   : 0.000

Type  : Slow 1100mV 85C Model Hold 'clk'
Slack : 0.639
TNS   : 0.000

Type  : Slow 1100mV 85C Model Minimum Pulse Width 'FPGA_clk'
Slack : -0.394
TNS   : -12.242

Type  : Slow 1100mV 85C Model Minimum Pulse Width 'clk'
Slack : -0.394
TNS   : -2.275

Type  : Slow 1100mV 0C Model Setup 'clk'
Slack : -7.498
TNS   : -29.847

Type  : Slow 1100mV 0C Model Setup 'FPGA_clk'
Slack : -1.397
TNS   : -16.190

Type  : Slow 1100mV 0C Model Hold 'FPGA_clk'
Slack : 0.253
TNS   : 0.000

Type  : Slow 1100mV 0C Model Hold 'clk'
Slack : 0.506
TNS   : 0.000

Type  : Slow 1100mV 0C Model Minimum Pulse Width 'FPGA_clk'
Slack : -0.394
TNS   : -11.835

Type  : Slow 1100mV 0C Model Minimum Pulse Width 'clk'
Slack : -0.394
TNS   : -2.153

Type  : Fast 1100mV 85C Model Setup 'clk'
Slack : -4.394
TNS   : -16.860

Type  : Fast 1100mV 85C Model Setup 'FPGA_clk'
Slack : -0.294
TNS   : -1.666

Type  : Fast 1100mV 85C Model Hold 'FPGA_clk'
Slack : 0.149
TNS   : 0.000

Type  : Fast 1100mV 85C Model Hold 'clk'
Slack : 0.395
TNS   : 0.000

Type  : Fast 1100mV 85C Model Minimum Pulse Width 'clk'
Slack : -0.282
TNS   : -1.189

Type  : Fast 1100mV 85C Model Minimum Pulse Width 'FPGA_clk'
Slack : -0.275
TNS   : -6.094

Type  : Fast 1100mV 0C Model Setup 'clk'
Slack : -4.001
TNS   : -15.466

Type  : Fast 1100mV 0C Model Setup 'FPGA_clk'
Slack : -0.232
TNS   : -1.140

Type  : Fast 1100mV 0C Model Hold 'FPGA_clk'
Slack : 0.134
TNS   : 0.000

Type  : Fast 1100mV 0C Model Hold 'clk'
Slack : 0.177
TNS   : 0.000

Type  : Fast 1100mV 0C Model Minimum Pulse Width 'clk'
Slack : -0.274
TNS   : -1.175

Type  : Fast 1100mV 0C Model Minimum Pulse Width 'FPGA_clk'
Slack : -0.273
TNS   : -6.061

------------------------------------------------------------
